0x4006cc <- 0x7ff451292830 {
 0x40066a <- 0x400700 {
  0x400627 <- 0x4006ab {
   0x4005d6 <- 0x40064e {
   } 0x4005d6 -> 0x40064e
  } 0x400627 -> 0x4006ab
 } 0x40066a -> 0x400700
 0x40066a <- 0x400700 {
  0x400627 <- 0x4006ab {
   0x4005d6 <- 0x40064e {
   } 0x4005d6 -> 0x40064e
  } 0x400627 -> 0x4006ab
 } 0x40066a -> 0x400700
 0x40066a <- 0x400700 {
  0x400627 <- 0x4006ab {
   0x4005d6 <- 0x40064e {
   } 0x4005d6 -> 0x40064e
  } 0x400627 -> 0x4006ab
 } 0x40066a -> 0x400700
 0x40066a <- 0x400700 {
 } 0x40066a -> 0x400700
 0x40066a <- 0x400700 {
  0x4005d6 <- 0x400697 {
   0x4005d6 <- 0x400606 {
   } 0x4005d6 -> 0x400606
  } 0x4005d6 -> 0x400697
 } 0x40066a -> 0x400700
 0x40066a <- 0x400700 {
  0x4005d6 <- 0x400697 {
   0x4005d6 <- 0x400606 {
    0x4005d6 <- 0x400606 {
    } 0x4005d6 -> 0x400606
   } 0x4005d6 -> 0x400606
  } 0x4005d6 -> 0x400697
 } 0x40066a -> 0x400700
 0x40066a <- 0x400700 {
  0x4005d6 <- 0x400697 {
   0x4005d6 <- 0x400606 {
    0x4005d6 <- 0x400606 {
     0x4005d6 <- 0x400606 {
     } 0x4005d6 -> 0x400606
    } 0x4005d6 -> 0x400606
   } 0x4005d6 -> 0x400606
  } 0x4005d6 -> 0x400697
 } 0x40066a -> 0x400700
} 0x4006cc -> 0x7ff451292830
