lli5@lli5-desktop:~/work/tools/pymempie$ ./pymempie.py -p `pid.sh youtube`
192M:/dev/ashmem/dalvik-main space (deleted)
192M:/dev/ashmem/dalvik-main space 1 (deleted)
101M:[UNKNOWN]
64M:/data/dalvik-cache/arm/system@priv-app@PrebuiltGmsCorePano@PrebuiltGmsCorePano.apk@classes.dex
62M:/dev/ashmem/dalvik-non moving space (deleted)
54M:/data/dalvik-cache/arm/system@framework@boot.oat
44M:[anon:libc_malloc]
44M:/system/usr/icu/icudt55l.dat
14M:/data/dalvik-cache/arm/system@app@YouTubeLeanback@YouTubeLeanback.apk@classes.dex
12M:/dev/ashmem/dalvik-card table (deleted)
10M:/system/lib/libLLVM.so
230M:[Others]
0 (KB): 196608 196608 104344 66324 63664 55384 45056 45056 14720 12980 10668 236048
1 (KB): 196608 196608 104344 66324 63664 55384 45056 45056 14720 12980 10668 236048
2 (KB): 196608 196608 104344 66324 63664 55384 45056 45056 14720 12980 10668 236048
3 (KB): 196608 196608 104344 66324 63664 55384 45056 45056 14720 12980 10668 236048
4 (KB): 196608 196608 104344 66324 63664 55384 45056 45056 14720 12980 10668 236048
5 (KB): 196608 196608 104344 66324 63664 55384 45056 45056 14720 12980 10668 236048
6 (KB): 196608 196608 104344 66324 63664 55384 45056 45056 14720 12980 10668 236048
7 (KB): 196608 196608 104344 66324 63664 55384 45056 45056 14720 12980 10668 236048
8 (KB): 196608 196608 104344 66324 63664 55384 45056 45056 14720 12980 10668 236048
9 (KB): 196608 196608 104344 66324 63664 55384 45056 45056 14720 12980 10668 236048
10 (KB): 196608 196608 104344 66324 63664 55384 45056 45056 14720 12980 10668 236048
11 (KB): 196608 196608 104344 66324 63664 55384 45056 45056 14720 12980 10668 236048
12 (KB): 196608 196608 104344 66324 63664 55384 45056 45056 14720 12980 10668 236048
13 (KB): 196608 196608 104344 66324 63664 55384 45056 45056 14720 12980 10668 236048
14 (KB): 196608 196608 104344 66324 63664 55384 45056 45056 14720 12980 10668 236048
15 (KB): 196608 196608 104344 66324 63664 55384 45056 45056 14720 12980 10668 236048
16 (KB): 196608 196608 104356 66324 63664 55384 45056 45056 14720 12980 10668 237136
17 (KB): 196608 196608 104356 66324 63664 55384 45056 45056 14720 12980 10668 237652
18 (KB): 196608 196608 104356 66324 63664 55384 53248 45056 16256 14720 12980 12276 10668 221508
19 (KB): 196608 196608 104356 66324 63664 55384 53248 45056 16256 14720 12980 12276 10668 221508
20 (KB): 196608 196608 104356 66324 63664 55384 53248 45056 16256 14720 12980 12276 10668 221508
21 (KB): 196608 196608 104356 66324 63664 55384 53248 45056 16256 14720 12980 12276 10668 221508
22 (KB): 196608 196608 104356 66324 63664 55384 53248 45056 16256 14720 12980 12276 10668 221508
23 (KB): 196608 196608 104356 66324 63664 55384 53248 45056 16256 14720 12980 12276 10668 221508
24 (KB): 196608 196608 104356 66324 63664 55384 53248 45056 16256 14720 12980 12276 10668 221508
25 (KB): 196608 196608 104356 66324 63664 55384 53248 45056 16256 14720 12980 12276 10668 221508
26 (KB): 196608 196608 104508 66324 63664 55384 53248 45056 20876 17856 14720 14720 12980 254244
27 (KB): 196608 196608 104508 66324 63664 55384 53248 45056 26856 20876 14720 14720 12980 254244
28 (KB): 196608 196608 104508 66324 63664 55384 53248 45056 39448 20876 14720 14720 12980 250148
29 (KB): 196608 196608 104508 66324 63664 61440 55384 51392 45056 20876 14720 14720 12980 250148
30 (KB): 196608 196608 104508 66324 63664 63644 61440 55384 45056 20876 14720 14720 12980 250148
31 (KB): 196608 196608 104508 66324 63904 63664 61440 55384 45056 20876 14720 14720 12980 250148
32 (KB): 196608 196608 104508 66324 63664 62192 61440 55384 45056 20876 14720 14720 12980 252196
33 (KB): 196608 196608 104508 66324 63664 62192 61440 55384 45056 20876 14720 14720 12980 252196
34 (KB): 196608 196608 104508 66324 63664 62504 61440 55384 45056 20876 14720 14720 12980 252196
35 (KB): 196608 196608 104508 66324 63664 62504 61440 55384 45056 20876 14720 14720 12980 252196
36 (KB): 196608 196608 104508 66324 63664 62504 61440 55384 45056 20876 14720 14720 12980 252196
37 (KB): 196608 196608 104508 66324 63664 62504 61440 55384 45056 20876 14720 14720 12980 252196
38 (KB): 196608 196608 104508 66324 63664 62792 61440 55384 45056 20876 14720 14720 12980 252196
39 (KB): 196608 196608 104508 66324 63664 62792 61440 55384 45056 20876 14720 14720 12980 252196
40 (KB): 196608 196608 104508 66324 63664 62792 61440 55384 45056 20876 14720 14720 12980 252196
41 (KB): 196608 196608 104508 66324 63664 63252 61440 55384 45056 20876 14720 14720 12980 252196
42 (KB): 196608 196608 104508 66324 63664 63252 61440 55384 45056 20876 14720 14720 12980 252196
43 (KB): 196608 196608 104508 66324 63664 63252 61440 55384 45056 20876 14720 14720 12980 252196
44 (KB): 196608 196608 104508 66324 63664 63252 61440 55384 45056 20876 14720 14720 12980 252196
45 (KB): 196608 196608 104508 66324 63664 63252 61440 55384 45056 20876 14720 14720 12980 252196
46 (KB): 196608 196608 104508 66324 63664 63252 61440 55384 45056 20876 14720 14720 12980 252196
47 (KB): 196608 196608 104508 66324 63664 63252 61440 55384 45056 20876 14720 14720 12980 252196
48 (KB): 196608 196608 104508 66324 63664 63252 61440 55384 45056 20876 14720 14720 12980 252196
49 (KB): 196608 196608 104508 66324 63664 63252 61440 55384 45056 20876 14720 14720 12980 252196
50 (KB): 196608 196608 104440 66324 63664 63292 61440 55384 45056 14720 14720 12980 245912
51 (KB): 196608 196608 104440 66324 63664 63372 61440 55384 45056 14720 14720 12980 245912
52 (KB): 196608 196608 104428 66324 63664 63372 61440 55384 45056 14720 14720 12980 244864
53 (KB): 196608 196608 104428 66324 63664 63372 61440 55384 45056 14720 14720 12980 244864
54 (KB): 196608 196608 104428 66324 63664 63372 61440 55384 45056 14720 14720 12980 244852
55 (KB): 196608 196608 104428 66324 63664 63372 61440 55384 45056 14720 14720 12980 244852
56 (KB): 196608 196608 104428 66324 63664 63372 61440 55384 45056 14720 14720 12980 244852
57 (KB): 196608 196608 104428 66324 63664 63372 61440 55384 45056 14720 14720 12980 244852
lli5@lli5-desktop:~/work/tools/pymempie$ 

