192M:/dev/ashmem/dalvik-main space (deleted)
192M:/dev/ashmem/dalvik-main space 1 (deleted)
101M:[UNKNOWN]
76M:[anon:libc_malloc]
64M:/data/dalvik-cache/arm/system@priv-app@PrebuiltGmsCorePano@PrebuiltGmsCorePano.apk@classes.dex
62M:/dev/ashmem/dalvik-non moving space (deleted)
54M:/data/dalvik-cache/arm/system@framework@boot.oat
44M:/system/usr/icu/icudt55l.dat
24M:/dev/ashmem/dalvik-large object space allocation (deleted)
14M:/data/dalvik-cache/arm/system@app@YouTubeLeanback@YouTubeLeanback.apk@classes.dex
12M:/dev/ashmem/dalvik-card table (deleted)
238M:[Others]
0 (KB): 196608 196608 104028 77824 66324 63664 55384 45056 24848 14720 12980 243920
1 (KB): 196608 196608 104028 77824 66324 63664 55384 45056 24848 14720 12980 243920
2 (KB): 196608 196608 104028 77824 66324 63664 55384 45056 24848 14720 12980 243920
3 (KB): 196608 196608 104028 77824 66324 63664 55384 45056 24848 14720 12980 243920
4 (KB): 196608 196608 104028 77824 66324 63664 55384 45056 24848 14720 12980 243920
5 (KB): 196608 196608 104028 77824 66324 63664 55384 45056 24848 14720 12980 243920
6 (KB): 196608 196608 104028 77824 66324 63664 55384 45056 24848 14720 12980 243920
7 (KB): 196608 196608 104028 77824 66324 63664 55384 45056 24848 14720 12980 243920
8 (KB): 196608 196608 104028 77824 66324 63664 55384 45056 24848 14720 12980 243920
9 (KB): 196608 196608 104028 77824 66324 63664 55384 45056 24848 14720 12980 243920
10 (KB): 196608 196608 104500 77824 66324 63664 55384 45056 24876 14720 12980 248568
11 (KB): 196608 196608 104500 77824 66324 63664 55384 45056 30308 14720 12980 255608
12 (KB): 196608 196608 104500 77824 66324 63664 55384 45056 30484 14720 12980 255608
13 (KB): 196608 196608 104500 77824 66324 63664 55384 45056 30484 14720 12980 255608
14 (KB): 196608 196608 104500 77824 66324 63664 55384 45056 30484 14720 12980 255608
15 (KB): 196608 196608 104500 77824 66324 63664 55384 45056 30484 14720 14720 12980 244984
16 (KB): 196608 196608 104500 77824 66324 63664 55384 45056 26996 15232 14720 12980 244984
17 (KB): 196608 196608 104500 77824 66324 63664 55384 45056 31416 15232 14720 12980 244984
18 (KB): 196608 196608 104500 77824 66324 63664 55384 45056 24972 15232 14720 12980 244984
19 (KB): 196608 196608 104500 77824 66324 63664 55384 45056 22776 15232 14720 12980 244984
20 (KB): 196608 196608 104500 77824 66324 63664 55384 45056 31304 15232 14720 12980 244984
21 (KB): 196608 196608 104500 77824 66324 63664 55384 45056 34148 15232 14720 12980 244984
22 (KB): 196608 196608 104500 77824 66324 63664 55384 45056 24144 15232 14720 12980 244984
23 (KB): 196608 196608 104500 77824 66324 63664 55384 45056 27356 15232 14720 12980 244984
24 (KB): 196608 196608 104500 77824 66324 63664 55384 45056 30176 15232 14720 12980 244984
25 (KB): 196608 196608 104500 77824 66324 63664 55384 45056 29668 15232 14720 12980 244984
26 (KB): 196608 196608 104500 77824 66324 63664 55384 45056 33860 15232 14720 12980 244984
27 (KB): 196608 196608 104500 77824 66324 63664 55384 45056 36680 15232 14720 12980 244984
28 (KB): 196608 196608 104500 77824 66324 63664 55384 45056 39060 15232 14720 12980 244984
29 (KB): 196608 196608 104500 77824 66324 63664 55384 45056 20776 15232 14720 12980 244984
30 (KB): 196608 196608 104500 77824 66324 63664 55384 45056 20776 15232 14720 12980 244984
31 (KB): 196608 196608 104500 77824 66324 63664 55384 45056 34116 15232 14720 12980 244984
32 (KB): 196608 196608 104500 77824 66324 63664 55384 45056 34824 15232 14720 12980 244984
33 (KB): 196608 196608 104500 77824 66324 63664 55384 45056 24804 15232 14720 12980 244984
34 (KB): 196608 196608 104500 77824 66324 63664 55384 45056 24804 15232 14720 12980 244984
35 (KB): 196608 196608 104500 77824 66324 63664 55384 45056 24804 15232 14720 12980 244984
36 (KB): 196608 196608 104500 77824 66324 63664 55384 45056 30384 15232 14720 12980 244984
37 (KB): 196608 196608 104500 77824 66324 63664 55384 45056 32508 15232 14720 12980 244984
38 (KB): 196608 196608 104500 77824 66324 63664 55384 45056 35328 15232 14720 12980 244984
39 (KB): 196608 196608 104500 77824 66324 63664 55384 45056 25504 15232 14720 12980 244984
40 (KB): 196608 196608 104500 77824 66324 63664 55384 45056 31212 15232 14720 12980 244984
41 (KB): 196608 196608 104500 77824 66324 63664 55384 45056 33996 15232 14720 12980 244984
42 (KB): 196608 196608 104500 77824 66324 63664 55384 45056 36804 15232 14720 12980 244984
43 (KB): 196608 196608 104500 77824 66324 63664 55384 45056 36804 15232 14720 12980 244984
44 (KB): 196608 196608 104500 77824 66324 63664 55384 45056 36804 15232 14720 12980 244984
45 (KB): 196608 196608 104500 77824 66324 63664 55384 45056 36804 15232 14720 12980 244984
46 (KB): 196608 196608 104500 81920 66324 63664 55384 45056 37376 14720 14720 12980 247032
47 (KB): 196608 196608 104568 90112 66324 63664 55384 45056 30092 20876 14720 14720 12980 261504
48 (KB): 196608 196608 104568 90112 66324 63664 55384 45056 32584 20876 14720 14720 12980 261504
49 (KB): 196608 196608 104568 90112 66324 63664 55384 45056 38192 20876 14720 14720 12980 255360
50 (KB): 196608 196608 104568 90112 66324 63664 55384 45056 42648 20876 14720 14720 12980 255360
51 (KB): 196608 196608 104568 90112 66324 63664 55384 51052 45056 20876 14720 14720 12980 255360
52 (KB): 196608 196608 104568 90112 66324 63664 61380 55384 45056 20876 14720 14720 12980 255360
53 (KB): 196608 196608 104568 90112 68748 66324 63664 55384 45056 20876 14720 14720 12980 255360
54 (KB): 196608 196608 104568 90112 69268 66324 63664 55384 45056 20876 14720 14720 12980 255360
55 (KB): 196608 196608 104568 90112 71004 66324 63664 55384 45056 20876 14720 14720 12980 255360
56 (KB): 196608 196608 104568 90112 71004 66324 63664 55384 45056 20876 14720 14720 12980 255360
57 (KB): 196608 196608 104568 90112 71004 66324 63664 55384 45056 20876 14720 14720 12980 255360
58 (KB): 196608 196608 104568 90112 71004 66324 63664 55384 45056 20876 14720 14720 12980 255360
59 (KB): 196608 196608 104568 90112 71004 66324 63664 55384 45056 20876 14720 14720 12980 255360
60 (KB): 196608 196608 104568 90112 71004 66324 63664 55384 45056 20876 14720 14720 12980 255360
61 (KB): 196608 196608 104568 90112 71004 66324 63664 55384 45056 20876 14720 14720 12980 255360
62 (KB): 196608 196608 104568 90112 71004 66324 63664 55384 45056 20876 14720 14720 12980 255360
63 (KB): 196608 196608 104568 90112 71004 66324 63664 55384 45056 20876 14720 14720 12980 255360
64 (KB): 196608 196608 104568 90112 71004 66324 63664 55384 45056 20876 14720 14720 12980 255360
65 (KB): 196608 196608 104568 90112 71004 66324 63664 55384 45056 20876 14720 14720 12980 255360
66 (KB): 196608 196608 104568 90112 71004 66324 63664 55384 45056 20876 14720 14720 12980 255360
67 (KB): 196608 196608 104568 90112 71004 66324 63664 55384 45056 20876 14720 14720 12980 255360
68 (KB): 196608 196608 104568 90112 71036 66324 63664 55384 45056 20876 14720 14720 12980 255360
69 (KB): 196608 196608 104568 90112 71036 66324 63664 55384 45056 20876 14720 14720 12980 255360
70 (KB): 196608 196608 104568 90112 71736 66324 63664 55384 45056 20876 14720 14720 12980 255360
71 (KB): 196608 196608 104568 90112 72448 66324 63664 55384 45056 20876 14720 14720 12980 255360
72 (KB): 196608 196608 104568 90112 72448 66324 63664 55384 45056 20876 14720 14720 12980 255360
73 (KB): 196608 196608 104568 90112 72448 66324 63664 55384 45056 20876 14720 14720 12980 255360
74 (KB): 196608 196608 104568 90112 72448 66324 63664 55384 45056 20876 14720 14720 12980 255360
75 (KB): 196608 196608 104568 90112 72448 66324 63664 55384 45056 20876 14720 14720 12980 255360
76 (KB): 196608 196608 104568 90112 72448 66324 63664 55384 45056 20876 14720 14720 12980 255360
77 (KB): 196608 196608 104568 90112 72448 66324 63664 55384 45056 20876 14720 14720 12980 255360
78 (KB): 196608 196608 104568 90112 72448 66324 63664 55384 45056 20876 14720 14720 12980 255360
79 (KB): 196608 196608 104568 90112 72448 66324 63664 55384 45056 20876 14720 14720 12980 255360
80 (KB): 196608 196608 104568 90112 72448 66324 63664 55384 45056 20876 14720 14720 12980 255360
81 (KB): 196608 196608 104568 90112 72448 66324 63664 55384 45056 20876 14720 14720 12980 255360
82 (KB): 196608 196608 104556 90112 72448 66324 63664 55384 45056 20876 14720 14720 12980 250236
83 (KB): 196608 196608 104568 90112 72448 66324 63664 55384 45056 20876 14720 14720 12980 255360
84 (KB): 196608 196608 104568 90112 72448 66324 63664 55384 45056 20876 14720 14720 12980 255360
85 (KB): 196608 196608 104568 90112 72448 66324 63664 55384 45056 20876 14720 14720 12980 255360
86 (KB): 196608 196608 104568 90112 72448 66324 63664 55384 45056 20876 14720 14720 12980 255360
87 (KB): 196608 196608 104568 90112 72448 66324 63664 55384 45056 20876 14720 14720 12980 255360
88 (KB): 196608 196608 104568 90112 72448 66324 63664 55384 45056 20876 14720 14720 12980 255360
89 (KB): 196608 196608 104568 90112 72448 66324 63664 55384 45056 20876 14720 14720 12980 255360
90 (KB): 196608 196608 104568 90112 72448 66324 63664 55384 45056 20876 14720 14720 12980 255360
91 (KB): 196608 196608 104568 90112 72448 66324 63664 55384 45056 20876 14720 14720 12980 255360
92 (KB): 196608 196608 104564 90112 72448 66324 63664 55384 45056 20876 14720 14720 12980 255344
93 (KB): 196608 196608 104568 90112 72448 66324 63664 55384 45056 20876 14720 14720 12980 255360
94 (KB): 196608 196608 104568 90112 72448 66324 63664 55384 45056 20876 14720 14720 12980 255360
95 (KB): 196608 196608 104568 90112 72448 66324 63664 55384 45056 20876 14720 14720 12980 255360
96 (KB): 196608 196608 104568 90112 72448 66324 63664 55384 45056 20876 14720 14720 12980 255360
97 (KB): 196608 196608 104556 90112 72448 66324 63664 55384 45056 20876 14720 14720 12980 254308
98 (KB): 196608 196608 104556 90112 72448 66324 63664 55384 45056 20876 14720 14720 12980 254308
99 (KB): 196608 196608 104556 90112 72448 66324 63664 55384 45056 20876 14720 14720 12980 254308
100 (KB): 196608 196608 104556 90112 72448 66324 63664 55384 45056 20876 14720 14720 12980 254308
101 (KB): 196608 196608 104556 90112 72448 66324 63664 55384 45056 20876 14720 14720 12980 254308
102 (KB): 196608 196608 104556 90112 72448 66324 63664 55384 45056 20876 14720 14720 12980 254308
103 (KB): 196608 196608 104556 90112 72480 66324 63664 55384 45056 20876 14720 14720 12980 250212
104 (KB): 196608 196608 104556 90112 72480 66324 63664 55384 45056 20876 14720 14720 12980 254308
105 (KB): 196608 196608 104556 90112 72480 66324 63664 55384 45056 20876 14720 14720 12980 254308
106 (KB): 196608 196608 104556 90112 72480 66324 63664 55384 45056 20876 14720 14720 12980 254308
107 (KB): 196608 196608 104556 90112 72480 66324 63664 55384 45056 20876 14720 14720 12980 254308
108 (KB): 196608 196608 104556 90112 72480 66324 63664 55384 45056 20876 14720 14720 12980 254308
109 (KB): 196608 196608 104556 90112 72480 66324 63664 55384 45056 20876 14720 14720 12980 254308
110 (KB): 196608 196608 104556 90112 72480 66324 63664 55384 45056 20876 14720 14720 12980 254308
111 (KB): 196608 196608 104556 90112 72540 66324 63664 55384 45056 20876 14720 14720 12980 256356
112 (KB): 196608 196608 104556 90112 72540 66324 63664 55384 45056 20876 14720 14720 12980 256356
113 (KB): 196608 196608 104556 90112 72540 66324 63664 55384 45056 20876 14720 14720 12980 256356
114 (KB): 196608 196608 104556 90112 72540 66324 63664 55384 45056 20876 14720 14720 12980 256356
115 (KB): 196608 196608 104556 90112 72540 66324 63664 55384 45056 20876 14720 14720 12980 256356
116 (KB): 196608 196608 104556 90112 72540 66324 63664 55384 45056 20876 14720 14720 12980 256356
117 (KB): 196608 196608 104556 90112 72540 66324 63664 55384 45056 20876 14720 14720 12980 256356
118 (KB): 196608 196608 104556 90112 72540 66324 63664 55384 45056 20876 14720 14720 12980 256356
119 (KB): 196608 196608 104556 90112 72540 66324 63664 55384 45056 20876 14720 14720 12980 256356
120 (KB): 196608 196608 104556 90112 72540 66324 63664 55384 45056 20876 14720 14720 12980 256356
121 (KB): 196608 196608 104556 90112 72540 66324 63664 55384 45056 20876 14720 14720 12980 256356
122 (KB): 196608 196608 104568 90112 72540 66324 63664 55384 45056 20876 14720 14720 12980 257408
123 (KB): 196608 196608 104568 90112 72540 66324 63664 55384 45056 20876 14720 14720 12980 257408
124 (KB): 196608 196608 104556 90112 72540 66324 63664 55384 45056 20876 14720 14720 12980 252284
125 (KB): 196608 196608 104568 90112 66324 63664 55384 45056 34700 20876 14720 14720 12980 255360
126 (KB): 196608 196608 104568 90112 66324 63664 61640 55384 45056 20876 14720 14720 12980 255360
127 (KB): 196608 196608 104568 90112 70932 66324 63664 55384 45056 20876 14720 14720 12980 255360
128 (KB): 196608 196608 104568 90112 70932 66324 63664 55384 45056 20876 14720 14720 12980 255360
129 (KB): 196608 196608 104568 90112 70992 66324 63664 55384 45056 20876 14720 14720 12980 257408
130 (KB): 196608 196608 104568 90112 71052 66324 63664 55384 45056 20876 14720 14720 12980 259456
131 (KB): 196608 196608 104568 90112 71052 66324 63664 55384 45056 20876 14720 14720 12980 259456
132 (KB): 196608 196608 104568 90112 71052 66324 63664 55384 45056 20876 14720 14720 12980 259456
133 (KB): 196608 196608 104568 90112 71052 66324 63664 55384 45056 20876 14720 14720 12980 259456
134 (KB): 196608 196608 104568 90112 71052 66324 63664 55384 45056 20876 14720 14720 12980 259456
135 (KB): 196608 196608 104568 90112 71052 66324 63664 55384 45056 20876 14720 14720 12980 259456
136 (KB): 196608 196608 104568 90112 71052 66324 63664 55384 45056 20876 14720 14720 12980 259456
137 (KB): 196608 196608 104568 90112 71052 66324 63664 55384 45056 20876 14720 14720 12980 259456
138 (KB): 196608 196608 104568 90112 71052 66324 63664 55384 45056 20876 14720 14720 12980 259456
139 (KB): 196608 196608 104568 90112 71572 66324 63664 55384 45056 20876 14720 14720 12980 259456
140 (KB): 196608 196608 104568 90112 71572 66324 63664 55384 45056 20876 14720 14720 12980 259456
141 (KB): 196608 196608 104568 90112 71572 66324 63664 55384 45056 20876 14720 14720 12980 259456
142 (KB): 196608 196608 104568 90112 71572 66324 63664 55384 45056 20876 14720 14720 12980 259456
143 (KB): 196608 196608 104568 90112 71572 66324 63664 55384 45056 20876 14720 14720 12980 259456
144 (KB): 196608 196608 104568 90112 71572 66324 63664 55384 45056 20876 14720 14720 12980 259456
145 (KB): 196608 196608 104568 90112 71572 66324 63664 55384 45056 20876 14720 14720 12980 259456
146 (KB): 196608 196608 104568 90112 71572 66324 63664 55384 45056 20876 14720 14720 12980 259456
147 (KB): 196608 196608 104568 90112 71572 66324 63664 55384 45056 20876 14720 14720 12980 259456
148 (KB): 196608 196608 104568 90112 71572 66324 63664 55384 45056 20876 14720 14720 12980 259456
149 (KB): 196608 196608 104568 90112 71572 66324 63664 55384 45056 20876 14720 14720 12980 259456
150 (KB): 196608 196608 104568 90112 71572 66324 63664 55384 45056 20876 14720 14720 12980 259456
151 (KB): 196608 196608 104556 90112 71572 66324 63664 55384 45056 20876 14720 14720 12980 258404
152 (KB): 196608 196608 104556 90112 71572 66324 63664 55384 45056 20876 14720 14720 12980 258404
153 (KB): 196608 196608 104556 90112 71572 66324 63664 55384 45056 20876 14720 14720 12980 258404
154 (KB): 196608 196608 104556 90112 71572 66324 63664 55384 45056 20876 14720 14720 12980 258404
155 (KB): 196608 196608 104556 90112 71572 66324 63664 55384 45056 20876 14720 14720 12980 258404
156 (KB): 196608 196608 104556 90112 71572 66324 63664 55384 45056 20876 14720 14720 12980 258404
157 (KB): 196608 196608 104556 90112 71452 66324 63664 55384 45056 20876 14720 14720 12980 254308
158 (KB): 196608 196608 104556 90112 71452 66324 63664 55384 45056 20876 14720 14720 12980 254308
159 (KB): 196608 196608 104556 90112 71452 66324 63664 55384 45056 20876 14720 14720 12980 254308
160 (KB): 196608 196608 104556 90112 71452 66324 63664 55384 45056 20876 14720 14720 12980 254308
161 (KB): 196608 196608 104556 90112 71452 66324 63664 55384 45056 20876 14720 14720 12980 254308
162 (KB): 196608 196608 104544 90112 71452 66324 63664 55384 45056 20876 14720 14720 12980 249184
163 (KB): 196608 196608 104544 90112 71140 66324 63664 55384 45056 20876 14720 14720 12980 249184
164 (KB): 196608 196608 104544 90112 71140 66324 63664 55384 45056 20876 14720 14720 12980 253280
165 (KB): 196608 196608 104556 90112 71140 66324 63664 55384 45056 20876 14720 14720 12980 254308
166 (KB): 196608 196608 104556 90112 71140 66324 63664 55384 45056 20876 14720 14720 12980 254308
167 (KB): 196608 196608 104556 90112 71140 66324 63664 55384 45056 20876 14720 14720 12980 254308
168 (KB): 196608 196608 104556 90112 71140 66324 63664 55384 45056 20876 14720 14720 12980 254308
169 (KB): 196608 196608 104556 90112 71140 66324 63664 55384 45056 20876 14720 14720 12980 254308
170 (KB): 196608 196608 104556 90112 71140 66324 63664 55384 45056 20876 14720 14720 12980 254308
171 (KB): 196608 196608 104556 90112 71140 66324 63664 55384 45056 20876 14720 14720 12980 254308
172 (KB): 196608 196608 104556 90112 71140 66324 63664 55384 45056 20876 14720 14720 12980 254308
173 (KB): 196608 196608 104556 90112 71140 66324 63664 55384 45056 20876 14720 14720 12980 254308
174 (KB): 196608 196608 104556 90112 71816 66324 63664 55384 45056 20876 14720 14720 12980 254308
175 (KB): 196608 196608 104556 90112 71816 66324 63664 55384 45056 20876 14720 14720 12980 254308
176 (KB): 196608 196608 104568 90112 71816 66324 63664 55384 45056 20876 14720 14720 12980 255360
177 (KB): 196608 196608 104568 90112 71876 66324 63664 55384 45056 20876 14720 14720 12980 257408
178 (KB): 196608 196608 104568 90112 71876 66324 63664 55384 45056 20876 14720 14720 12980 257408
179 (KB): 196608 196608 104568 90112 71876 66324 63664 55384 45056 20876 14720 14720 12980 257408
180 (KB): 196608 196608 104568 90112 71876 66324 63664 55384 45056 20876 14720 14720 12980 257408
181 (KB): 196608 196608 104568 90112 71876 66324 63664 55384 45056 20876 14720 14720 12980 257408
182 (KB): 196608 196608 104568 90112 71876 66324 63664 55384 45056 20876 14720 14720 12980 257408
183 (KB): 196608 196608 104568 90112 71876 66324 63664 55384 45056 20876 14720 14720 12980 257408
184 (KB): 196608 196608 104568 90112 71876 66324 63664 55384 45056 20876 14720 14720 12980 257408
185 (KB): 196608 196608 104568 90112 71876 66324 63664 55384 45056 20876 14720 14720 12980 257408
186 (KB): 196608 196608 104568 90112 71876 66324 63664 55384 45056 20876 14720 14720 12980 257408
187 (KB): 196608 196608 104568 90112 71876 66324 63664 55384 45056 20876 14720 14720 12980 257408
188 (KB): 196608 196608 104568 90112 71876 66324 63664 55384 45056 20876 14720 14720 12980 257408
189 (KB): 196608 196608 104568 90112 71876 66324 63664 55384 45056 20876 14720 14720 12980 257408
190 (KB): 196608 196608 104568 90112 71876 66324 63664 55384 45056 20876 14720 14720 12980 257408
191 (KB): 196608 196608 104568 90112 72188 66324 63664 55384 45056 20876 14720 14720 12980 257408
192 (KB): 196608 196608 104568 90112 72188 66324 63664 55384 45056 20876 14720 14720 12980 257408
193 (KB): 196608 196608 104568 90112 72188 66324 63664 55384 45056 20876 14720 14720 12980 257408
194 (KB): 196608 196608 104568 90112 72188 66324 63664 55384 45056 20876 14720 14720 12980 257408
195 (KB): 196608 196608 104568 90112 72188 66324 63664 55384 45056 20876 14720 14720 12980 257408
196 (KB): 196608 196608 104568 90112 72188 66324 63664 55384 45056 20876 14720 14720 12980 257408
197 (KB): 196608 196608 104568 90112 72188 66324 63664 55384 45056 20876 14720 14720 12980 257408
198 (KB): 196608 196608 104564 90112 72188 66324 63664 55384 45056 20876 14720 14720 12980 257392
199 (KB): 196608 196608 104568 90112 72188 66324 63664 55384 45056 20876 14720 14720 12980 257408
200 (KB): 196608 196608 104568 90112 72188 66324 63664 55384 45056 20876 14720 14720 12980 257408
201 (KB): 196608 196608 104568 90112 72188 66324 63664 55384 45056 20876 14720 14720 12980 257408
202 (KB): 196608 196608 104556 90112 72188 66324 63664 55384 45056 20876 14720 14720 12980 256356
203 (KB): 196608 196608 104556 90112 72188 66324 63664 55384 45056 20876 14720 14720 12980 256356
204 (KB): 196608 196608 104556 90112 72188 66324 63664 55384 45056 20876 14720 14720 12980 256356
205 (KB): 196608 196608 104556 90112 72188 66324 63664 55384 45056 20876 14720 14720 12980 256356
206 (KB): 196608 196608 104556 90112 72188 66324 63664 55384 45056 20876 14720 14720 12980 256356
207 (KB): 196608 196608 104556 90112 72188 66324 63664 55384 45056 20876 14720 14720 12980 256356
208 (KB): 196608 196608 104556 90112 72188 66324 63664 55384 45056 20876 14720 14720 12980 256356
209 (KB): 196608 196608 104556 90112 72188 66324 63664 55384 45056 20876 14720 14720 12980 256356
210 (KB): 196608 196608 104556 90112 72188 66324 63664 55384 45056 20876 14720 14720 12980 256356
211 (KB): 196608 196608 104556 90112 72188 66324 63664 55384 45056 20876 14720 14720 12980 256356
212 (KB): 196608 196608 104556 90112 72188 66324 63664 55384 45056 20876 14720 14720 12980 256356
213 (KB): 196608 196608 104556 90112 72188 66324 63664 55384 45056 20876 14720 14720 12980 256356
214 (KB): 196608 196608 104556 90112 72188 66324 63664 55384 45056 20876 14720 14720 12980 256356
215 (KB): 196608 196608 104556 90112 72188 66324 63664 55384 45056 20876 14720 14720 12980 256356
216 (KB): 196608 196608 104556 90112 72188 66324 63664 55384 45056 20876 14720 14720 12980 256356
217 (KB): 196608 196608 104556 90112 72188 66324 63664 55384 45056 20876 14720 14720 12980 256356
218 (KB): 196608 196608 104556 90112 72188 66324 63664 55384 45056 20876 14720 14720 12980 256356
219 (KB): 196608 196608 104556 90112 72188 66324 63664 55384 45056 20876 14720 14720 12980 256356
220 (KB): 196608 196608 104556 90112 72188 66324 63664 55384 45056 20876 14720 14720 12980 256356
221 (KB): 196608 196608 104556 90112 72188 66324 63664 55384 45056 20876 14720 14720 12980 256356
222 (KB): 196608 196608 104556 90112 72188 66324 63664 55384 45056 20876 14720 14720 12980 256356
223 (KB): 196608 196608 104556 90112 72188 66324 63664 55384 45056 20876 14720 14720 12980 256356
224 (KB): 196608 196608 104556 90112 72188 66324 63664 55384 45056 20876 14720 14720 12980 256356
225 (KB): 196608 196608 104556 90112 72188 66324 63664 55384 45056 20876 14720 14720 12980 256356
226 (KB): 196608 196608 104556 90112 72188 66324 63664 55384 45056 20876 14720 14720 12980 256356
227 (KB): 196608 196608 104556 90112 72188 66324 63664 55384 45056 20876 14720 14720 12980 256356
228 (KB): 196608 196608 104556 90112 72188 66324 63664 55384 45056 20876 14720 14720 12980 256356
229 (KB): 196608 196608 104556 90112 72188 66324 63664 55384 45056 20876 14720 14720 12980 256356
230 (KB): 196608 196608 104556 90112 72188 66324 63664 55384 45056 20876 14720 14720 12980 256356
231 (KB): 196608 196608 104556 90112 72188 66324 63664 55384 45056 20876 14720 14720 12980 256356
232 (KB): 196608 196608 104556 90112 72188 66324 63664 55384 45056 20876 14720 14720 12980 256356
233 (KB): 196608 196608 104556 90112 72188 66324 63664 55384 45056 20876 14720 14720 12980 256356
234 (KB): 196608 196608 104556 90112 72188 66324 63664 55384 45056 20876 14720 14720 12980 256356
235 (KB): 196608 196608 104556 90112 72188 66324 63664 55384 45056 20876 14720 14720 12980 256356
236 (KB): 196608 196608 104556 90112 72188 66324 63664 55384 45056 20876 14720 14720 12980 256356
237 (KB): 196608 196608 104556 90112 72188 66324 63664 55384 45056 20876 14720 14720 12980 256356
238 (KB): 196608 196608 104556 90112 72188 66324 63664 55384 45056 20876 14720 14720 12980 256356
239 (KB): 196608 196608 104556 90112 72188 66324 63664 55384 45056 20876 14720 14720 12980 256356
240 (KB): 196608 196608 104556 90112 73564 66324 63664 55384 45056 20876 14720 14720 12980 256356
241 (KB): 196608 196608 104556 90112 73564 66324 63664 55384 45056 20876 14720 14720 12980 256356
242 (KB): 196608 196608 104556 90112 74264 66324 63664 55384 45056 20876 14720 14720 12980 256356
243 (KB): 196608 196608 104556 90112 74264 66324 63664 55384 45056 20876 14720 14720 12980 256356
244 (KB): 196608 196608 104556 90112 74876 66324 63664 55384 45056 20876 14720 14720 12980 254308
245 (KB): 196608 196608 104556 90112 74876 66324 63664 55384 45056 20876 14720 14720 12980 254308
246 (KB): 196608 196608 104556 90112 74876 66324 63664 55384 45056 20876 14720 14720 12980 254308
247 (KB): 196608 196608 104568 90112 82652 66324 63664 55384 45056 20876 14720 14720 12980 12288 255360
248 (KB): 196608 196608 104568 90112 66324 63664 58048 55384 45056 20876 14720 14720 12980 255360
249 (KB): 196608 196608 104568 90112 70004 66324 63664 55384 45056 20876 14720 14720 12980 255360
250 (KB): 196608 196608 104568 90112 70076 66324 63664 55384 45056 20876 14720 14720 12980 255360
251 (KB): 196608 196608 104568 90112 70760 66324 63664 55384 45056 20876 14720 14720 12980 257408
252 (KB): 196608 196608 104568 90112 71156 66324 63664 55384 45056 20876 14720 14720 12980 257408
253 (KB): 196608 196608 104568 90112 71156 66324 63664 55384 45056 20876 14720 14720 12980 257408
254 (KB): 196608 196608 104568 90112 71156 66324 63664 55384 45056 20876 14720 14720 12980 257408
255 (KB): 196608 196608 104568 90112 71156 66324 63664 55384 45056 20876 14720 14720 12980 257408
256 (KB): 196608 196608 104568 90112 71156 66324 63664 55384 45056 20876 14720 14720 12980 257408
257 (KB): 196608 196608 104560 90112 71156 66324 63664 55384 45056 20876 14720 14720 12980 252300
258 (KB): 196608 196608 104560 90112 71156 66324 63664 55384 45056 20876 14720 14720 12980 252300
259 (KB): 196608 196608 104568 90112 70664 66324 63664 55384 45056 20876 14720 14720 12980 255360
260 (KB): 196608 196608 104568 90112 70664 66324 63664 55384 45056 20876 14720 14720 12980 255360
261 (KB): 196608 196608 104568 90112 70664 66324 63664 55384 45056 20876 14720 14720 12980 255360
262 (KB): 196608 196608 104568 90112 70664 66324 63664 55384 45056 20876 14720 14720 12980 255360
263 (KB): 196608 196608 104568 90112 70664 66324 63664 55384 45056 20876 14720 14720 12980 255360
264 (KB): 196608 196608 104568 90112 70664 66324 63664 55384 45056 20876 14720 14720 12980 255360
265 (KB): 196608 196608 104568 90112 70664 66324 63664 55384 45056 20876 14720 14720 12980 255360
266 (KB): 196608 196608 104568 90112 71376 66324 63664 55384 45056 20876 14720 14720 12980 255360
267 (KB): 196608 196608 104568 90112 71376 66324 63664 55384 45056 20876 14720 14720 12980 255360
268 (KB): 196608 196608 104568 90112 72784 66324 63664 55384 45056 20876 14720 14720 12980 255360
269 (KB): 196608 196608 104568 90112 74160 66324 63664 55384 45056 20876 14720 14720 12980 255360
270 (KB): 196608 196608 104568 90112 73820 66324 63664 55384 45056 20876 14720 14720 12980 255360
271 (KB): 196608 196608 104568 90112 79560 66324 63664 55384 45056 20876 14720 14720 12980 255360
272 (KB): 196608 196608 104568 90112 79560 66324 63664 55384 45056 20876 14720 14720 12980 255360
273 (KB): 196608 196608 104500 90112 79680 66324 63664 55384 45056 14720 14720 12980 249076
274 (KB): 196608 196608 104500 90112 79680 66324 63664 55384 45056 14720 14720 12980 249080
275 (KB): 196608 196608 104500 90112 66324 63664 55384 45056 23584 14720 14720 12980 244984
276 (KB): 196608 196608 104500 90112 66324 63664 55384 45056 27164 14720 14720 12980 244984
277 (KB): 196608 196608 104500 90112 66324 63664 55384 45056 29288 14720 14720 12980 244984
278 (KB): 196608 196608 104500 90112 66324 63664 55384 45056 37724 14720 14720 12980 244984
279 (KB): 196608 196608 104500 90112 66324 63664 55384 45056 29232 14720 14720 12980 244984
280 (KB): 196608 196608 104500 90112 66324 63664 55384 45056 34800 14720 14720 12980 244984
281 (KB): 196608 196608 104500 90112 66324 63664 55384 45056 23548 14720 14720 12980 244984
282 (KB): 196608 196608 104500 90112 66324 63664 55384 45056 29144 14720 14720 12980 244984
283 (KB): 196608 196608 104500 94208 66324 63664 55384 45056 37596 14720 14720 12980 244984
284 (KB): 196608 196608 104500 94208 66324 63664 55384 45056 23544 14720 14720 12980 244984
285 (KB): 196608 196608 104500 94208 66324 63664 55384 45056 24244 14720 14720 12980 244984
286 (KB): 196608 196608 104500 94208 66324 63664 55384 45056 36876 15364 14720 12980 244984
287 (KB): 196608 196608 104500 94208 66324 63664 55384 45056 37572 14720 14720 12980 244984
288 (KB): 196608 196608 104548 94208 66324 63664 55384 45056 26668 14720 14720 12980 253632
289 (KB): 196608 196608 104568 94208 66324 63664 55384 45056 40248 20876 14720 14720 12980 255376
290 (KB): 196608 196608 104568 94208 66324 63664 63044 55384 45056 20876 14720 14720 12980 255376
291 (KB): 196608 196608 104568 102400 68484 66324 63664 55384 45056 20876 14720 14720 12980 255376
292 (KB): 196608 196608 104568 102400 68484 66324 63664 55384 45056 20876 14720 14720 12980 255376
293 (KB): 196608 196608 104568 102400 68484 66324 63664 55384 45056 20876 14720 14720 12980 255376
294 (KB): 196608 196608 104568 102400 68544 66324 63664 55384 45056 20876 14720 14720 12980 257424
295 (KB): 196608 196608 104568 102400 68544 66324 63664 55384 45056 20876 14720 14720 12980 257424
296 (KB): 196608 196608 104568 102400 68544 66324 63664 55384 45056 20876 14720 14720 12980 257424
297 (KB): 196608 196608 104568 102400 68544 66324 63664 55384 45056 20876 14720 14720 12980 257424
298 (KB): 196608 196608 104568 102400 68544 66324 63664 55384 45056 20876 14720 14720 12980 257424
299 (KB): 196608 196608 104568 102400 68544 66324 63664 55384 45056 20876 14720 14720 12980 257424
300 (KB): 196608 196608 104568 102400 68544 66324 63664 55384 45056 20876 14720 14720 12980 257424
301 (KB): 196608 196608 104568 102400 69272 66324 63664 55384 45056 20876 14720 14720 12980 257424
302 (KB): 196608 196608 104568 102400 69272 66324 63664 55384 45056 20876 14720 14720 12980 257424
303 (KB): 196608 196608 104568 102400 69272 66324 63664 55384 45056 20876 14720 14720 12980 257424
304 (KB): 196608 196608 104568 102400 69272 66324 63664 55384 45056 20876 14720 14720 12980 257424
305 (KB): 196608 196608 104568 102400 69272 66324 63664 55384 45056 20876 14720 14720 12980 257424
306 (KB): 196608 196608 104568 102400 69272 66324 63664 55384 45056 20876 14720 14720 12980 257424
307 (KB): 196608 196608 104568 102400 69272 66324 63664 55384 45056 20876 14720 14720 12980 257424
308 (KB): 196608 196608 104568 102400 69272 66324 63664 55384 45056 20876 14720 14720 12980 257424
309 (KB): 196608 196608 104568 102400 69272 66324 63664 55384 45056 20876 14720 14720 12980 257424
310 (KB): 196608 196608 104568 102400 69272 66324 63664 55384 45056 20876 14720 14720 12980 257424
311 (KB): 196608 196608 104568 102400 69272 66324 63664 55384 45056 20876 14720 14720 12980 257424
312 (KB): 196608 196608 104568 102400 69272 66324 63664 55384 45056 20876 14720 14720 12980 257424
313 (KB): 196608 196608 104568 102400 69272 66324 63664 55384 45056 20876 14720 14720 12980 257424
314 (KB): 196608 196608 104568 102400 69272 66324 63664 55384 45056 20876 14720 14720 12980 257424
315 (KB): 196608 196608 104500 102400 69392 66324 63664 55384 45056 14720 14720 12980 251128
316 (KB): 196608 196608 104500 102400 69392 66324 63664 55384 45056 14720 14720 12980 251116
317 (KB): 196608 196608 104488 102400 69392 66324 63664 55384 45056 14720 14720 12980 250064
318 (KB): 196608 196608 104488 102400 69392 66324 63664 55384 45056 14720 14720 12980 250064
319 (KB): 196608 196608 104488 102400 69392 66324 63664 55384 45056 14720 14720 12980 250064
320 (KB): 196608 196608 104488 102400 69392 66324 63664 55384 45056 14720 14720 12980 250064
321 (KB): 196608 196608 104488 102400 66324 63664 55384 45056 21372 14720 14720 12980 243920
322 (KB): 196608 196608 104488 102400 66324 63664 55384 45056 21372 14720 14720 12980 243920
323 (KB): 196608 196608 104488 102400 66324 63664 55384 45056 21372 14720 14720 12980 243920
324 (KB): 196608 196608 104488 102400 66324 63664 55384 45056 21372 14720 14720 12980 243920
325 (KB): 196608 196608 104488 102400 66324 63664 55384 45056 21372 14720 14720 12980 243920
326 (KB): 196608 196608 104488 102400 66324 63664 55384 45056 21372 14720 14720 12980 243920
327 (KB): 196608 196608 104488 102400 66324 63664 55384 45056 21372 14720 14720 12980 243920
328 (KB): 196608 196608 104488 102400 66324 63664 55384 45056 21372 14720 14720 12980 243920
329 (KB): 196608 196608 104488 102400 66324 63664 55384 45056 21372 14720 14720 12980 243920
330 (KB): 196608 196608 104488 102400 66324 63664 55384 45056 21372 14720 14720 12980 243920
331 (KB): 196608 196608 104488 102400 66324 63664 55384 45056 21372 14720 14720 12980 243920
332 (KB): 196608 196608 104488 102400 66324 63664 55384 45056 21372 14720 14720 12980 243920
333 (KB): 196608 196608 104488 102400 66324 63664 55384 45056 21372 14720 14720 12980 243920
334 (KB): 196608 196608 104488 102400 66324 63664 55384 45056 21372 14720 14720 12980 243920
335 (KB): 196608 196608 104488 102400 66324 63664 55384 45056 21372 14720 14720 12980 243920
336 (KB): 196608 196608 104488 102400 66324 63664 55384 45056 21372 14720 14720 12980 243920
337 (KB): 196608 196608 104488 102400 66324 63664 55384 45056 21372 14720 14720 12980 243920
338 (KB): 196608 196608 104488 102400 66324 63664 55384 45056 21372 14720 14720 12980 243920
339 (KB): 196608 196608 104488 102400 66324 63664 55384 45056 21372 14720 14720 12980 243920
340 (KB): 196608 196608 104488 102400 66324 63664 55384 45056 21372 14720 14720 12980 243920
341 (KB): 196608 196608 104488 102400 66324 63664 55384 45056 21372 14720 14720 12980 243920
342 (KB): 196608 196608 104568 102400 66324 63664 55384 45056 20876 17908 14720 14720 12980 255376
343 (KB): 196608 196608 104568 102400 66324 63664 55384 45056 26428 20876 14720 14720 12980 255376
344 (KB): 196608 196608 104568 102400 66324 63664 55384 45056 26428 20876 14720 14720 12980 255376
345 (KB): 196608 196608 104568 102400 66324 63664 55384 45056 26428 20876 14720 14720 12980 255376
346 (KB): 196608 196608 104568 102400 66324 63664 55384 45056 26428 20876 14720 14720 12980 255376
347 (KB): 196608 196608 104568 102400 66324 63664 55384 45056 26428 20876 14720 14720 12980 255376
348 (KB): 196608 196608 104568 102400 66324 63664 55384 45056 26488 20876 14720 14720 12980 257424
349 (KB): 196608 196608 104568 102400 66324 63664 55384 45056 26488 20876 14720 14720 12980 257424
350 (KB): 196608 196608 104568 102400 66324 63664 55384 45056 26488 20876 14720 14720 12980 257424
351 (KB): 196608 196608 104568 102400 66324 63664 55384 45056 26488 20876 14720 14720 12980 257424
352 (KB): 196608 196608 104568 102400 66324 63664 55384 45056 26488 20876 14720 14720 12980 257424
353 (KB): 196608 196608 104568 102400 66324 63664 55384 45056 26488 20876 14720 14720 12980 257424
354 (KB): 196608 196608 104568 102400 66324 63664 55384 45056 26488 20876 14720 14720 12980 257424
355 (KB): 196608 196608 104568 102400 66324 63664 55384 45056 26488 20876 14720 14720 12980 257424
356 (KB): 196608 196608 104568 102400 66324 63664 55384 45056 26488 20876 14720 14720 12980 257424
357 (KB): 196608 196608 104568 102400 66324 63664 55384 45056 26488 20876 14720 14720 12980 257424
358 (KB): 196608 196608 104568 102400 66324 63664 55384 45056 26488 20876 14720 14720 12980 257424
359 (KB): 196608 196608 104568 102400 66324 63664 55384 45056 26488 20876 14720 14720 12980 257424
360 (KB): 196608 196608 104568 102400 66324 63664 55384 45056 26488 20876 14720 14720 12980 257424
361 (KB): 196608 196608 104568 102400 66324 63664 55384 45056 26488 20876 14720 14720 12980 257424
362 (KB): 196608 196608 104568 102400 66324 63664 55384 45056 26488 20876 14720 14720 12980 257424
363 (KB): 196608 196608 104568 102400 66324 63664 55384 45056 26488 20876 14720 14720 12980 257424
364 (KB): 196608 196608 104568 102400 66324 63664 55384 45056 26488 20876 14720 14720 12980 257412
365 (KB): 196608 196608 104500 102400 66324 63664 55384 45056 27232 14720 14720 12980 253164
366 (KB): 196608 196608 104500 102400 66324 63664 55384 45056 27232 14720 14720 12980 253164
367 (KB): 196608 196608 104500 102400 66324 63664 55384 45056 27232 14720 14720 12980 253164
368 (KB): 196608 196608 104500 102400 66324 63664 55384 45056 27232 14720 14720 12980 253164
369 (KB): 196608 196608 104500 102400 66324 63664 55384 45056 14720 14720 12980 254908
370 (KB): 196608 196608 104500 102400 66324 63664 55384 45056 14720 14720 12980 254908
371 (KB): 196608 196608 104500 102400 66324 63664 55384 45056 14720 14720 12980 254908
372 (KB): 196608 196608 104500 102400 66324 63664 55384 45056 14720 14720 12980 254908
373 (KB): 196608 196608 104500 102400 66324 63664 55384 45056 14720 14720 12980 254908
374 (KB): 196608 196608 104500 102400 66324 63664 55384 45056 14720 14720 12980 254944
375 (KB): 196608 196608 104500 102400 66324 63664 55384 45056 15580 14720 14720 12980 244984
376 (KB): 196608 196608 104500 102400 66324 63664 55384 45056 15580 14720 14720 12980 244984
377 (KB): 196608 196608 104500 102400 66324 63664 55384 45056 15580 14720 14720 12980 244984
378 (KB): 196608 196608 104500 102400 66324 63664 55384 45056 17020 14720 14720 12980 244984
379 (KB): 196608 196608 104500 102400 66324 63664 55384 45056 17420 14720 14720 12980 244984
380 (KB): 196608 196608 104500 102400 66324 63664 55384 45056 20976 15376 14720 12980 244984
381 (KB): 196608 196608 104500 102400 66324 63664 55384 45056 31536 14720 14720 12980 244984
382 (KB): 196608 196608 104500 102400 66324 63664 55384 45056 28880 14720 14720 12980 244984
383 (KB): 196608 196608 104500 102400 66324 63664 55384 45056 31744 14720 14720 12980 244984
384 (KB): 196608 196608 104500 102400 66324 63664 55384 45056 35204 14720 14720 12980 244984
385 (KB): 196608 196608 104500 102400 66324 63664 55384 45056 24244 14720 14720 12980 244984
386 (KB): 196608 196608 104500 102400 66324 63664 55384 45056 24244 14720 14720 12980 244984
387 (KB): 196608 196608 104500 102400 66324 63664 55384 45056 24244 14720 14720 12980 244984
388 (KB): 196608 196608 104500 102400 66324 63664 55384 45056 24244 14720 14720 12980 244984
389 (KB): 196608 196608 106496 104500 66324 63664 55384 45056 25124 14720 14720 12980 247032
390 (KB): 196608 196608 106496 104568 66324 63664 55384 45056 36272 20876 14720 14720 12980 255376
391 (KB): 196608 196608 106496 104568 66324 63664 55384 52024 45056 20876 14720 14720 12980 255376
392 (KB): 196608 196608 114688 104568 66324 63664 61868 55384 45056 20876 14720 14720 12980 255376
393 (KB): 196608 196608 114688 104568 72352 66324 63664 55384 45056 20876 14720 14720 12980 255376
394 (KB): 196608 196608 114688 104568 72352 66324 63664 55384 45056 20876 14720 14720 12980 255376
395 (KB): 196608 196608 114688 104568 72412 66324 63664 55384 45056 20876 14720 14720 12980 257420
396 (KB): 196608 196608 114688 104500 74624 66324 63664 55384 45056 14720 14720 12980 251128
397 (KB): 196608 196608 114688 104500 74624 66324 63664 55384 45056 14720 14720 12980 251116
398 (KB): 196608 196608 114688 104500 74624 66324 63664 55384 45056 14720 14720 12980 251116
399 (KB): 196608 196608 114688 104500 74624 66324 63664 55384 45056 14720 14720 12980 251116
400 (KB): 196608 196608 114688 104500 74624 66324 63664 55384 45056 14720 14720 12980 251116
401 (KB): 196608 196608 114688 104500 66324 63664 55384 45056 23980 14720 14720 12980 244972
402 (KB): 196608 196608 114688 104500 66324 63664 55384 45056 23980 14720 14720 12980 244972
403 (KB): 196608 196608 114688 104500 66324 63664 55384 45056 23980 14720 14720 12980 244972
404 (KB): 196608 196608 114688 104500 66324 63664 55384 45056 23980 14720 14720 12980 244972
405 (KB): 196608 196608 114688 104500 66324 63664 55384 45056 23980 14720 14720 12980 244972
406 (KB): 196608 196608 114688 104500 66324 63664 55384 45056 23980 14720 14720 12980 244972
407 (KB): 196608 196608 114688 104500 66324 63664 55384 45056 23980 14720 14720 12980 244972
408 (KB): 196608 196608 114688 104500 66324 63664 55384 45056 23980 14720 14720 12980 244972
409 (KB): 196608 196608 114688 104500 66324 63664 55384 45056 23980 14720 14720 12980 244972
