27M:[anon:libc_malloc]
18M:/dev/ashmem/dalvik-large object space allocation (deleted)
8M:/dev/ashmem/dalvik-main space (deleted)
7M:/data/dalvik-cache/arm/system@app@YouTubeLeanback@YouTubeLeanback.apk@classes.dex
6M:/data/dalvik-cache/arm/system@framework@boot.oat
2M:/data/dalvik-cache/arm/system@framework@boot.art
1M:/data/dalvik-cache/arm/system@priv-app@PrebuiltGmsCorePano@PrebuiltGmsCorePano.apk@classes.dex
1M:/vendor/lib/libglcore.so
7M:[Others]
1 (KB): 28633 19077 8296 8128 6251 2176 1618 1288 7223
2 (KB): 28633 19077 8296 8128 6251 2176 1618 1288 7223
3 (KB): 28633 19077 8296 8128 6251 2176 1618 1288 7223
4 (KB): 28633 19077 8296 8128 6251 2176 1618 1288 7223
5 (KB): 28633 19077 8296 8128 6251 2176 1618 1288 7223
6 (KB): 28633 19077 8296 8128 6251 2176 1618 1288 7223
7 (KB): 28633 19077 8296 8128 6251 2176 1618 1288 7223
8 (KB): 29557 19105 8540 8128 6251 2176 1618 1288 8115
9 (KB): 29873 19105 8716 8128 6251 2176 1618 1288 8209
10 (KB): 30673 24705 10296 8128 6251 3266 2176 1618 1288 7909
11 (KB): 30673 24705 10296 8128 6251 3266 2176 1618 1288 7909
12 (KB): 30673 24705 10296 8128 6251 3266 2176 1618 1288 7909
13 (KB): 30621 24705 10300 8128 6251 4164 2176 1618 1288 7909
14 (KB): 31353 23345 9668 8128 6251 5982 2176 1618 1288 7804
15 (KB): 32729 21593 9684 8128 6258 6242 2176 1618 1288 7816
16 (KB): 34249 14169 9728 8132 6258 6246 2176 1618 1288 7752
17 (KB): 34933 25533 9084 8132 6270 6258 2176 1618 1288 7800
18 (KB): 35037 29489 9156 8132 6274 6258 2176 1618 1288 7876
19 (KB): 35813 18373 9240 8132 6422 6258 2176 1618 1288 7788
20 (KB): 35845 21533 9264 8132 6468 6258 2176 1618 1288 7836
21 (KB): 36269 27137 9612 8132 6480 6258 2176 1618 1288 7864
22 (KB): 37005 25465 9272 8132 6508 6276 2176 1618 1288 7792
23 (KB): 37421 30909 9420 8132 6500 6276 2176 1618 1288 7812
24 (KB): 37565 33289 9536 8132 6502 6276 2176 1618 1288 8044
25 (KB): 38545 15005 9564 8132 6502 6284 2176 1618 1288 7764
26 (KB): 38405 18501 9564 8132 6502 6284 2176 1618 1288 7780
27 (KB): 39077 29053 9572 8132 6502 6284 2176 1618 1288 7804
28 (KB): 39477 19033 9480 8132 6508 6288 2176 1618 1288 7764
29 (KB): 39461 19033 9488 8132 6514 6288 2176 1618 1288 7764
30 (KB): 39473 19033 9488 8132 6514 6288 2176 1618 1288 7768
31 (KB): 39653 24613 9488 8132 6516 6288 2176 1618 1288 7784
32 (KB): 39793 26737 9248 8132 6516 6288 2176 1618 1288 7792
33 (KB): 40129 32305 9432 8132 6516 6288 2176 1618 1288 7808
34 (KB): 40541 22597 9508 8132 6520 6308 2176 1618 1288 7780
35 (KB): 40669 25441 9508 8132 6520 6308 2176 1618 1288 7788
36 (KB): 40869 28225 9508 8132 6520 6308 2176 1618 1288 7792
37 (KB): 41053 31033 9512 8132 6520 6308 2176 1618 1288 7804
38 (KB): 41137 31033 9364 8132 6520 6308 2176 1618 1288 7804
39 (KB): 41137 31033 9364 8132 6520 6308 2176 1618 1288 7804
40 (KB): 41329 21661 10532 8148 6372 6360 2176 1618 1288 8304
41 (KB): 41473 25737 11356 8148 6372 6360 2176 1618 1288 8550
42 (KB): 41485 31337 11744 8148 6372 6360 2176 1618 1288 8568
43 (KB): 41333 36897 12076 8148 6380 6360 2176 1618 1288 8440
44 (KB): 47573 41273 10904 8148 6380 6360 2176 1618 9696
45 (KB): 63073 41317 10964 8148 6380 6360 2176 1618 9816
46 (KB): 62897 41317 11024 8148 6380 6360 2176 1618 9834
47 (KB): 65233 41329 11040 8148 6380 6360 2176 1622 9722
48 (KB): 65233 41329 10380 8148 6380 6360 2176 1622 9796
49 (KB): 65233 41329 10380 8148 6380 6360 2176 1622 9804
50 (KB): 65233 41305 10380 8148 6380 6360 2176 1622 9828
51 (KB): 65233 41305 10380 8148 6380 6360 2176 1622 9836
52 (KB): 65233 41305 10380 8148 6380 6360 2176 1622 9836
53 (KB): 65233 41305 10380 8148 6380 6360 2176 1622 9836
54 (KB): 65233 41309 10392 8148 6380 6360 2176 1622 9844
55 (KB): 65233 41309 10392 8148 6380 6360 2176 1622 9844
56 (KB): 65233 41305 10392 8148 6380 6360 2176 1622 9848
57 (KB): 65233 41297 10392 8148 6380 6360 2176 1622 9870
58 (KB): 65265 41297 10392 8148 6380 6360 2176 1622 9874
59 (KB): 65265 41265 10416 8148 6380 6360 2176 1622 9886
60 (KB): 66677 41305 10456 8148 6380 6360 2176 1622 9898
61 (KB): 66677 41269 10468 8148 6380 6360 2176 1622 9902
62 (KB): 66677 41269 10472 8148 6380 6360 2176 1622 9902
63 (KB): 66677 41261 10472 8148 6380 6360 2176 1622 9914
64 (KB): 66677 41297 10484 8148 6380 6360 2176 1622 9912
65 (KB): 66677 41293 10500 8148 6380 6360 2176 1622 9924
66 (KB): 66677 41333 10544 8156 6390 6360 2179 1622 9972
67 (KB): 66677 41353 10580 8156 6390 6360 2179 1622 9996
68 (KB): 66677 41353 10636 8156 6390 6360 2179 1622 10020
69 (KB): 66677 41361 10752 8156 6390 6360 2179 1622 10060
70 (KB): 66677 41405 11016 8156 6390 6360 2179 1622 10092
71 (KB): 66677 41453 11368 8156 6390 6360 2179 1622 10132
72 (KB): 66677 41517 12104 8156 6390 6360 2179 1622 10174
73 (KB): 66677 41581 12508 8156 6390 6360 2179 1622 10206
74 (KB): 66677 41625 12904 8156 6390 6360 2179 1622 10254
75 (KB): 66677 41613 13332 8156 6390 6360 2179 1622 10274
76 (KB): 66677 41629 13604 8156 6390 6360 2179 1622 10294
77 (KB): 66677 41749 13728 8156 6390 6360 2179 1622 10330
78 (KB): 66677 41817 13912 8156 6390 6360 2179 1622 10346
79 (KB): 66677 41861 14112 8156 6390 6360 2179 1622 10402
80 (KB): 66677 41961 14308 8156 6390 6360 2179 1622 10432
81 (KB): 66677 41985 14516 8156 6390 6360 2179 1622 10444
82 (KB): 66677 42097 14660 8156 6390 6360 2179 1622 10462
83 (KB): 66677 42049 14712 8156 6390 6360 2179 1622 10464
84 (KB): 66677 42045 14724 8156 6390 6360 2179 1622 10464
85 (KB): 66677 42113 14776 8156 6390 6360 2179 1622 10468
86 (KB): 66709 42201 15552 8156 6390 6360 2183 1622 10548
87 (KB): 66709 42273 18400 8156 6390 6360 2183 1622 10672
88 (KB): 66709 42233 18452 8156 6390 6360 2183 1622 10672
89 (KB): 66709 42241 18460 8156 6390 6360 2183 1622 10672
90 (KB): 66709 42253 18496 8156 6390 6360 2183 1622 10680
91 (KB): 66709 42285 18516 8156 6390 6360 2183 1622 10684
92 (KB): 66721 42369 18952 8156 6390 6360 2183 1622 10704
93 (KB): 66721 42393 19064 8156 6390 6360 2183 1622 10686
94 (KB): 66721 42433 19152 8156 6390 6360 2183 1622 10724
95 (KB): 66721 42409 19160 8156 6390 6360 2183 1622 10728
96 (KB): 66721 42393 19204 8156 6390 6360 2183 1622 10728
97 (KB): 66721 42393 19204 8156 6390 6360 2183 1622 10728
98 (KB): 66721 42453 19228 8156 6390 6360 2183 12354
99 (KB): 66721 42457 19248 8156 6390 6360 2183 12354
100 (KB): 66721 42445 19264 8156 6390 6360 2183 12358
101 (KB): 66721 42509 19436 8156 6390 6360 2183 12386
102 (KB): 66721 42549 19656 8156 6390 6360 2183 12402
103 (KB): 66733 41633 20964 8156 6400 6360 2183 1622 9668
104 (KB): 44401 42213 21004 8156 6400 6360 2183 1622 9566
105 (KB): 65073 42281 21004 8156 6400 6360 2183 1622 9574
106 (KB): 65073 42265 21004 8156 6400 6360 2183 1622 9608
107 (KB): 65085 42289 11656 8156 6400 6360 2183 1622 9632
108 (KB): 65097 42289 11692 8156 6400 6360 2183 1622 9646
109 (KB): 65097 42309 11692 8156 6400 6360 2183 1622 9658
110 (KB): 65097 42305 11692 8156 6400 6360 2183 1622 9700
111 (KB): 65097 42329 11692 8156 6400 6360 2183 1622 9702
112 (KB): 65097 42325 11692 8156 6400 6360 2183 1622 9700
113 (KB): 65185 42325 11716 8156 6400 6360 2183 1622 9862
114 (KB): 65185 42345 11748 8156 6400 6360 2183 1622 10000
115 (KB): 65673 42357 11788 8156 6400 6360 2183 1622 10050
116 (KB): 65673 42329 11812 8156 6400 6360 2183 1622 10066
117 (KB): 65705 42369 11876 8156 6400 6360 2183 1622 10172
118 (KB): 65705 42397 11960 8156 6400 6360 2183 1622 10166
119 (KB): 65705 42433 12288 8156 6400 6360 2183 1622 10210
120 (KB): 65705 42453 12576 8156 6400 6360 2183 1622 10240
121 (KB): 65705 42517 12652 8156 6400 6360 2183 1622 10222
122 (KB): 65705 42573 12912 8156 6400 6360 2183 1622 10292
123 (KB): 65705 42573 13364 8156 6400 6360 2183 1622 10380
124 (KB): 65705 42565 13448 8156 6400 6360 2183 1622 10380
125 (KB): 65705 42577 13460 8156 6400 6360 2183 1622 10380
126 (KB): 65705 42549 13772 8156 6400 6360 2183 1622 10456
127 (KB): 65705 42569 13780 8156 6400 6360 2183 1622 10460
128 (KB): 65705 42585 13784 8156 6400 6360 2183 1622 10460
129 (KB): 65705 42617 13820 8156 6400 6360 2183 1622 10464
130 (KB): 65681 42361 14224 8156 6400 6360 2183 1622 10278
131 (KB): 65681 42385 14224 8156 6400 6360 2183 1622 10340
132 (KB): 65681 42341 14224 8156 6400 6360 2183 1622 10426
133 (KB): 65681 42389 12648 8156 6400 6360 2183 1622 10648
134 (KB): 65369 42337 16524 8156 6401 6360 2183 1622 10404
135 (KB): 65369 42381 16680 8156 6401 6360 2183 1622 10608
136 (KB): 65369 42525 18548 8156 6401 6360 2183 1622 10774
137 (KB): 65369 42633 23460 8156 6401 6360 2183 12618
138 (KB): 65369 42349 25100 8156 6401 6360 2183 12296
139 (KB): 65369 42353 25104 8156 6401 6360 2183 12342
140 (KB): 65369 42333 25104 8156 6401 6360 2183 12342
141 (KB): 65369 42337 13460 8156 6401 6360 2183 1622 10720
142 (KB): 65369 42397 13484 8156 6401 6360 2183 1622 10740
143 (KB): 66045 42421 13580 8156 6401 6360 2183 1622 10812
144 (KB): 66045 42405 13616 8156 6401 6360 2183 1622 10746
145 (KB): 66049 42445 13692 8156 6401 6360 2183 1622 10800
146 (KB): 66057 42461 13984 8156 6401 6360 2183 1622 10824
147 (KB): 66057 42501 14144 8156 6401 6360 2183 1622 10878
148 (KB): 66057 42561 14168 8156 6401 6360 2183 1622 10886
149 (KB): 66057 42593 14316 8156 6401 6360 2183 1622 10902
150 (KB): 66057 42597 14320 8156 6401 6360 2183 1622 10902
151 (KB): 66057 42637 14504 8156 6401 6360 2183 1622 10930
152 (KB): 66057 42689 14924 8156 6401 6360 2183 1622 10962
153 (KB): 66057 42733 15296 8156 6401 6360 2183 1622 11018
154 (KB): 66057 42777 15572 8156 6401 6360 2183 1622 11030
155 (KB): 66057 42793 15588 8156 6401 6360 2183 1622 11030
156 (KB): 66357 42773 15616 8156 6401 6360 2183 1622 11046
157 (KB): 66357 42753 15808 8156 6401 6360 2183 1622 11046
158 (KB): 66357 42837 15868 8156 6401 6360 2183 1622 11050
159 (KB): 66369 42881 16276 8156 6401 6360 2183 1622 11086
160 (KB): 66369 42969 16824 8156 6401 6360 2183 1622 11106
161 (KB): 66369 42949 16868 8156 6401 6360 2183 1622 11140
162 (KB): 66369 42969 16948 8156 6401 6360 2183 1622 11152
163 (KB): 66369 42989 17044 8156 6401 6360 2183 1622 11160
164 (KB): 66369 43017 17060 8156 6401 6360 2183 1622 11160
165 (KB): 66369 43081 17172 8156 6401 6360 2183 1622 11164
166 (KB): 66369 43097 17256 8156 6401 6360 2183 1622 11172
167 (KB): 66369 43129 17368 8156 6401 6360 2183 1622 11184
168 (KB): 66369 43173 17468 8156 6401 6360 2183 1622 11192
169 (KB): 66369 43197 17552 8156 6401 6360 2183 1622 11200
170 (KB): 66369 43161 17560 8156 6401 6360 2183 1622 11200
171 (KB): 66369 43197 17672 8156 6401 6360 2183 1622 11178
172 (KB): 66369 43233 17768 8156 6401 6360 2183 1622 11220
173 (KB): 66369 43261 17876 8156 6401 6360 2183 1622 11228
174 (KB): 66369 43289 17884 8156 6401 6360 2183 1622 11232
175 (KB): 66369 43261 17912 8156 6401 6360 2183 1622 11230
176 (KB): 66369 43261 17924 8156 6401 6360 2183 1622 11234
177 (KB): 66369 43261 17932 8156 6401 6360 2183 1622 11230
178 (KB): 66369 43261 17948 8156 6401 6360 2183 1622 11230
179 (KB): 66369 43293 17948 8156 6401 6360 2183 1622 11234
180 (KB): 66369 43301 17964 8156 6401 6360 2183 1622 11234
181 (KB): 66369 43329 18064 8156 6401 6360 2183 1622 11246
182 (KB): 66369 43329 18076 8156 6401 6360 2183 1622 11246
183 (KB): 66369 43345 18104 8156 6401 6360 2183 1622 11246
184 (KB): 66369 43353 18128 8156 6401 6360 2183 12876
185 (KB): 66369 43377 18148 8156 6401 6360 2183 12876
186 (KB): 66369 43349 18160 8156 6401 6360 2183 12876
187 (KB): 66369 43377 18224 8156 6401 6360 2183 12888
188 (KB): 66369 43429 18384 8156 6401 6360 2183 12900
189 (KB): 66369 43449 18412 8156 6401 6360 2183 12900
190 (KB): 66369 43561 19456 8156 6414 6360 2186 12972
191 (KB): 66369 43561 19760 8156 6414 6360 2186 12980
192 (KB): 66369 43573 19772 8156 6414 6360 2186 12980
193 (KB): 66369 43601 19832 8156 6414 6360 2186 12984
194 (KB): 66369 43589 19868 8156 6414 6360 2186 12988
195 (KB): 66369 43557 19884 8156 6414 6360 2186 12988
196 (KB): 67745 43557 19976 8156 6414 6394 2186 13000
197 (KB): 67745 43561 20076 8156 6414 6360 2186 13000
198 (KB): 68445 43605 20180 8156 6414 6360 2186 13004
199 (KB): 69105 42693 20724 8156 6414 6360 2186 12236
200 (KB): 69105 42685 20724 8156 6414 6360 2186 12236
201 (KB): 69105 42709 20736 8156 6414 6360 2186 12244
202 (KB): 43153 34429 20828 8156 6414 6360 2186 1622 9768
203 (KB): 64145 43069 12332 8156 6414 6360 2186 1622 9670
204 (KB): 64217 43001 12332 8156 6414 6360 2186 1622 9730
205 (KB): 65097 43065 12372 8156 6414 6360 2186 1622 9940
206 (KB): 65337 43025 12500 8156 6414 6360 2186 1622 10042
207 (KB): 65337 43029 12420 8156 6414 6360 2186 1622 10148
208 (KB): 65337 43057 12648 8156 6414 6360 2186 1622 10190
209 (KB): 65337 43105 12936 8156 6414 6360 2186 1622 10228
210 (KB): 65337 43161 13136 8156 6414 6360 2186 1622 10240
211 (KB): 65337 43233 13372 8156 6414 6360 2186 1622 10070
212 (KB): 64893 43009 13568 8156 6414 6360 2186 1622 10122
213 (KB): 64893 42973 13568 8156 6414 6360 2186 1622 10176
214 (KB): 64893 42993 13568 8156 6414 6360 2186 1622 10354
215 (KB): 64893 43005 12476 8156 6414 6360 2186 1622 10370
216 (KB): 64893 42973 12484 8156 6414 6360 2186 1622 10378
217 (KB): 65605 43077 12492 8156 6414 6360 2186 1622 10382
218 (KB): 65605 43069 12512 8156 6414 6360 2186 1622 10382
219 (KB): 68389 43113 12588 8156 6414 6360 2186 1622 10402
220 (KB): 68017 43281 12644 8156 6414 6360 2186 1622 10178
221 (KB): 73757 43645 12648 8156 6414 6386 2186 11876
222 (KB): 73773 43725 12672 8160 6414 6360 2186 11880
223 (KB): 73797 44029 12984 8160 6414 6360 2186 11086
224 (KB): 40449 33621 12740 8160 6426 6372 2186 1622 1288 8024
225 (KB): 45033 21393 12748 8160 6426 6362 2186 1622 1288 8036
226 (KB): 45137 23517 12748 8160 6426 6362 2186 1622 1288 8044
227 (KB): 46009 17861 12748 8160 6426 6376 2186 1622 1288 8004
228 (KB): 46133 26209 11616 8160 6426 6364 2186 1622 1288 8040
229 (KB): 46637 31857 11732 8160 6426 6368 2186 1622 1288 8052
230 (KB): 46633 20577 11816 8160 6430 6368 2186 1622 1288 8012
231 (KB): 47349 29085 11816 8160 6430 6368 2186 1622 1288 8044
232 (KB): 47541 17773 11840 8160 6438 6368 2186 1622 1288 8008
233 (KB): 47461 18473 11840 8160 6438 6368 2186 1622 1288 8016
234 (KB): 48045 31801 11688 8160 6438 6368 2186 1622 1288 8056
235 (KB): 48117 31845 11696 8160 6438 6368 2186 1622 1288 8156
236 (KB): 48265 32473 12396 8164 6450 6368 2186 1622 1288 8568
237 (KB): 54765 48261 13136 8164 6450 6368 2186 1622 9628
238 (KB): 62665 48161 13356 8164 6450 6368 2186 1622 9612
239 (KB): 62665 48145 11420 8164 6450 6368 2186 1622 9592
240 (KB): 62669 48161 11436 8164 6450 6368 2186 1622 9616
241 (KB): 62677 48169 11460 8164 6450 6368 2186 1622 9620
242 (KB): 62677 48117 11460 8164 6450 6368 2186 1622 9620
243 (KB): 62677 48125 11460 8164 6450 6368 2186 1622 9620
244 (KB): 62677 48149 11460 8164 6450 6368 2186 1622 9620
245 (KB): 62677 48149 11460 8164 6450 6368 2186 1622 9620
246 (KB): 63385 48137 11472 8164 6450 6368 2186 1622 9632
247 (KB): 63385 48141 11472 8164 6450 6368 2186 1622 9630
248 (KB): 63385 48181 11472 8164 6450 6368 2186 1622 9630
249 (KB): 63385 48153 11472 8164 6450 6368 2186 1622 9630
250 (KB): 63385 48145 11472 8164 6450 6368 2186 1622 9638
251 (KB): 63385 48177 11472 8164 6450 6368 2186 1622 9636
252 (KB): 63385 48157 11472 8164 6450 6368 2186 1622 9644
253 (KB): 63385 48157 11472 8164 6450 6368 2186 1622 9652
254 (KB): 63385 48161 11472 8164 6450 6368 2186 1622 9656
255 (KB): 63385 48153 11472 8164 6450 6368 2186 1622 9678
256 (KB): 63385 48129 11472 8164 6450 6368 2186 1622 9686
257 (KB): 63385 48645 11472 8164 6450 6368 2186 1622 9564
258 (KB): 63409 47949 11584 8164 6450 6368 2186 1622 9438
259 (KB): 63409 47585 11660 8164 6450 6368 2186 1622 9434
260 (KB): 63409 47585 11660 8164 6450 6368 2186 1622 9434
261 (KB): 63409 47585 11660 8164 6450 6368 2186 1622 9434
262 (KB): 47229 15601 8164 7724 6450 6368 2186 1622 1288 7758
263 (KB): 47229 15601 8164 7724 6450 6368 2186 1622 1288 7758
264 (KB): 47229 15601 8164 7740 6450 6368 2186 1622 1288 7762
265 (KB): 47229 15601 8164 7740 6450 6368 2186 1622 1288 7762
266 (KB): 47229 15601 8164 7740 6450 6368 2186 1622 1288 7762
267 (KB): 47229 15601 8164 7740 6450 6368 2186 1622 1288 7762
268 (KB): 47229 15601 8164 7740 6450 6368 2186 1622 1288 7762
269 (KB): 47229 15601 8164 7740 6450 6368 2186 1622 1288 7762
270 (KB): 47229 15601 8164 7740 6450 6368 2186 1622 1288 7762
271 (KB): 47229 15601 8164 7740 6450 6368 2186 1622 1288 7659
272 (KB): 47229 15601 8164 7740 6450 6368 2186 1622 1288 7762
273 (KB): 47229 15601 8164 7740 6450 6368 2186 1622 1288 7762
274 (KB): 47229 15601 8164 7740 6450 6368 2186 1622 1288 7762
275 (KB): 47229 15601 8164 7740 6450 6368 2186 1622 1288 7762
276 (KB): 47229 15601 8164 7740 6450 6368 2186 1622 1288 7762
277 (KB): 47229 15601 8164 7740 6450 6368 2186 1622 1288 7762
278 (KB): 47229 15601 8164 7740 6450 6368 2186 1622 1288 7762
279 (KB): 47229 15601 8164 7740 6450 6368 2186 1622 1288 7762
280 (KB): 47229 15601 8164 7740 6462 6368 2186 1622 1288 7762
281 (KB): 48057 20489 11800 8200 6466 6368 2186 1622 1288 8324
282 (KB): 48069 20489 11800 8200 6466 6368 2186 1622 1288 8324
283 (KB): 48085 20489 11804 8200 6466 6368 2186 1622 1288 8414
284 (KB): 48085 20489 11812 8200 6466 6368 2186 1622 1288 8448
285 (KB): 48053 20489 9148 8200 6466 6368 2186 1622 1288 8442
286 (KB): 48069 20501 9188 8200 6466 6368 2186 1622 1288 8446
287 (KB): 48069 20501 9188 8200 6466 6368 2186 1622 1288 8454
288 (KB): 48045 20501 9188 8200 6466 6368 2186 1622 1288 8500
289 (KB): 48065 20501 9192 8200 6466 6368 2186 1622 1288 8508
290 (KB): 48045 20501 9192 8200 6466 6368 2186 1622 1288 8498
291 (KB): 48037 20501 9192 8200 6466 6368 2186 1622 1288 8532
292 (KB): 48037 20501 9192 8200 6466 6368 2186 1622 1288 8572
293 (KB): 48037 20501 9192 8200 6466 6368 2186 1622 1288 8552
294 (KB): 47989 20501 9192 8200 6466 6368 2186 1622 1288 8556
295 (KB): 48005 20501 9192 8200 6466 6368 2186 1622 1288 8560
296 (KB): 48005 20501 9192 8200 6466 6368 2186 1622 1288 8572
297 (KB): 48005 20501 9192 8200 6466 6368 2186 1622 1288 8598
298 (KB): 48005 20501 9192 8200 6466 6368 2186 1622 1288 8708
299 (KB): 47989 20501 9200 8200 6466 6368 2186 1622 1288 8712
300 (KB): 47273 20693 9636 8200 6483 6368 2272 1622 1288 8076
301 (KB): 47273 20981 10076 8200 6483 6368 2272 1622 1288 8116
302 (KB): 47273 20981 10076 8200 6483 6368 2272 1622 1288 8116
303 (KB): 47273 20981 10076 8200 6483 6368 2272 1622 1288 8116
304 (KB): 47249 8200 6483 6368 6136 4093 2272 1622 1288 7780
305 (KB): 47249 8200 6483 6368 6136 4093 2272 1622 1288 7780
306 (KB): 47249 8200 6483 6368 6136 4093 2272 1622 1288 7780
307 (KB): 47249 8200 6483 6368 6136 4093 2272 1622 1288 7780
308 (KB): 47333 8200 6636 6483 6368 4121 2272 1622 1288 7836
309 (KB): 48041 9705 8200 8180 6483 6368 2272 1622 1288 7886
310 (KB): 48057 9705 8200 8180 6483 6368 2272 1622 1288 7886
311 (KB): 48381 10433 8200 8180 6483 6368 2272 1622 1288 7894
312 (KB): 49101 22477 8280 8200 6483 6436 2272 1622 1288 7982
313 (KB): 49621 14421 8200 7908 6483 6368 2272 1622 1288 7866
314 (KB): 51265 15053 8740 8204 6483 6402 2272 1622 1288 7874
315 (KB): 51801 22989 8896 8204 6483 6370 2272 1622 1288 7922
316 (KB): 51737 25853 8896 8204 6483 6370 2272 1622 1288 7930
317 (KB): 52453 29313 8988 8204 6483 6370 2272 1622 1288 7938
318 (KB): 52641 18401 8572 8204 6484 6370 2272 1622 1288 7870
319 (KB): 52441 18401 8572 8204 6484 6370 2272 1622 1288 7874
320 (KB): 52653 18401 8584 8204 6484 6370 2272 1622 1288 7874
321 (KB): 52481 19273 8856 8204 6484 6370 2272 1622 1288 7962
322 (KB): 52657 36397 13552 8204 6484 6370 2272 1622 9490
323 (KB): 52681 52229 13764 8204 6484 6370 2272 1622 9592
324 (KB): 66473 52525 14432 8204 6484 6370 2272 11100
325 (KB): 66473 52505 14432 8204 6484 6370 2272 11102
326 (KB): 68165 53061 10980 8204 6484 6370 2272 10972
327 (KB): 68601 51229 11084 8204 6484 6370 2272 10970
328 (KB): 68601 51229 11140 8204 6484 6370 2272 10974
329 (KB): 68601 51229 11140 8204 6484 6370 2272 10974
330 (KB): 68601 51229 11140 8204 6484 6370 2272 10974
331 (KB): 50761 18209 8204 7496 6484 6370 2272 1622 1288 7816
332 (KB): 50761 18209 8204 7496 6484 6370 2272 1622 1288 7816
333 (KB): 50761 18209 8204 7516 6484 6370 2272 1622 1288 7820
334 (KB): 50761 18209 8204 7516 6484 6370 2272 1622 1288 7820
335 (KB): 50761 18209 8204 7516 6484 6370 2272 1622 1288 7820
336 (KB): 50761 18209 8204 7516 6484 6370 2272 1622 1288 7820
337 (KB): 50761 18209 8204 7516 6484 6370 2272 1622 1288 7820
338 (KB): 50761 18209 8204 7516 6484 6370 2272 1622 1288 7820
339 (KB): 50761 18209 8204 7516 6484 6370 2272 1622 1288 7820
